{
  "usingComponents": {
    "mp-msg": "./dist/weui-miniprogram/msg/msg",
    "mp-sticky": "./dist/@miniprogram-component-plus/sticky",
    "page": "./local-dep/page/page"
  }
}
