{
  "usingComponents": {
    "mp-msg": "weui-miniprogram/msg/msg",
    "mp-sticky": "@miniprogram-component-plus/sticky",
    "page": "./local-dep/page/page"
  }
}