{
  "usingComponents": {
    "mp-msg": "./dist/weui-miniprogram/msg/msg",
    "page": "./local-dep/page/page"
  }
}