{
  "usingComponents": {
    "mp-msg": "../../dist/weui-miniprogram/msg/msg",
    "quickstart": "/components/quickstart/quickstart"
  }
}